
==========================================================================
02-02_croc.gpl1 check_setup
--------------------------------------------------------------------------
1

==========================================================================
02-02_croc.gpl1 report_tns
--------------------------------------------------------------------------
tns max 0.00

==========================================================================
02-02_croc.gpl1 report_wns
--------------------------------------------------------------------------
wns max 0.00

==========================================================================
02-02_croc.gpl1 report_worst_slack
--------------------------------------------------------------------------
worst slack max 0.04

==========================================================================
02-02_croc.gpl1 report_checks -path_delay min
--------------------------------------------------------------------------
[WARNING STA-0168] unknown field nets.
Startpoint: i_croc_soc.i_rstgen.i_rstgen_bypass.synch_regs_q_3__reg
            (rising edge-triggered flip-flop clocked by clk_sys)
Endpoint: i_croc_soc.i_user.i_user_aes_en.i_aes_en_acc.blocks_i_111__reg
          (removal check against rising-edge clock clk_sys)
Path Group: asynchronous
Path Type: min
Corner: ff

Fanout     Cap    Slew   Delay    Time   Description
-----------------------------------------------------------------------------
                  0.20    0.00    0.00   clock clk_sys (rise edge)
                          0.00    0.00   clock network delay (ideal)
                  0.20    0.00    0.00 ^ i_croc_soc.i_rstgen.i_rstgen_bypass.synch_regs_q_3__reg/CK (DFFRQX3)
     2    0.00    0.03    0.24    0.24 ^ i_croc_soc.i_rstgen.i_rstgen_bypass.synch_regs_q_3__reg/Q (DFFRQX3)
                  0.03    0.00    0.24 ^ i_croc_soc.i_rstgen.i_rstgen_bypass.i_tc_clk_mux2_rst_no.i_mux/A0 (MUX2X2)
     1    0.01    0.04    0.10    0.34 ^ i_croc_soc.i_rstgen.i_rstgen_bypass.i_tc_clk_mux2_rst_no.i_mux/Y (MUX2X2)
                  0.04    0.00    0.34 ^ place7278/A (BUFX32)
    15    0.18    0.03    0.07    0.41 ^ place7278/Y (BUFX32)
                  0.03    0.00    0.41 ^ place7279/A (BUFX3)
    10    0.03    0.08    0.10    0.51 ^ place7279/Y (BUFX3)
                  0.08    0.00    0.51 ^ i_croc_soc.i_user.i_user_aes_en.i_aes_en_acc.blocks_i_111__reg/RB (DFFRQX3)
                                  0.51   data arrival time

                  0.20    0.00    0.00   clock clk_sys (rise edge)
                          0.00    0.00   clock network delay (ideal)
                          0.10    0.10   clock uncertainty
                          0.00    0.10   clock reconvergence pessimism
                                  0.10 ^ i_croc_soc.i_user.i_user_aes_en.i_aes_en_acc.blocks_i_111__reg/CK (DFFRQX3)
                         -0.05    0.05   library removal time
                                  0.05   data required time
-----------------------------------------------------------------------------
                                  0.05   data required time
                                 -0.51   data arrival time
-----------------------------------------------------------------------------
                                  0.46   slack (MET)


Startpoint: i_croc_soc.i_croc.i_dmi_jtag.i_dmi_cdc.i_cdc_resp/i_dst/i_sync/reg_q_1__reg
            (rising edge-triggered flip-flop clocked by clk_jtg)
Endpoint: i_croc_soc.i_croc.i_dmi_jtag.i_dmi_cdc.i_cdc_resp/i_dst/i_sync/serial_o_reg
          (rising edge-triggered flip-flop clocked by clk_jtg)
Path Group: clk_jtg
Path Type: min
Corner: ff

Fanout     Cap    Slew   Delay    Time   Description
-----------------------------------------------------------------------------
                  0.20    0.00    0.00   clock clk_jtg (rise edge)
                          0.00    0.00   clock network delay (ideal)
                  0.20    0.00    0.00 ^ i_croc_soc.i_croc.i_dmi_jtag.i_dmi_cdc.i_cdc_resp/i_dst/i_sync/reg_q_1__reg/CK (DFFRQX3)
     1    0.00    0.02    0.22    0.22 v i_croc_soc.i_croc.i_dmi_jtag.i_dmi_cdc.i_cdc_resp/i_dst/i_sync/reg_q_1__reg/Q (DFFRQX3)
                  0.02    0.00    0.22 v i_croc_soc.i_croc.i_dmi_jtag.i_dmi_cdc.i_cdc_resp/i_dst/i_sync/serial_o_reg/D (DFFRQX3)
                                  0.22   data arrival time

                  0.20    0.00    0.00   clock clk_jtg (rise edge)
                          0.00    0.00   clock network delay (ideal)
                          0.10    0.10   clock uncertainty
                          0.00    0.10   clock reconvergence pessimism
                                  0.10 ^ i_croc_soc.i_croc.i_dmi_jtag.i_dmi_cdc.i_cdc_resp/i_dst/i_sync/serial_o_reg/CK (DFFRQX3)
                          0.05    0.15   library hold time
                                  0.15   data required time
-----------------------------------------------------------------------------
                                  0.15   data required time
                                 -0.22   data arrival time
-----------------------------------------------------------------------------
                                  0.07   slack (MET)


Startpoint: i_croc_soc.i_croc.i_dm_top.i_dm_top.i_dm_csrs.sbaddr_q_7__reg
            (rising edge-triggered flip-flop clocked by clk_sys)
Endpoint: i_croc_soc.i_croc.gen_sram_bank[0].i_sram.gen_2048x32xBx1.i_cut
          (rising edge-triggered flip-flop clocked by clk_sys)
Path Group: clk_sys
Path Type: min
Corner: ff

Fanout     Cap    Slew   Delay    Time   Description
-----------------------------------------------------------------------------
                  0.20    0.00    0.00   clock clk_sys (rise edge)
                          0.00    0.00   clock network delay (ideal)
                  0.20    0.00    0.00 ^ i_croc_soc.i_croc.i_dm_top.i_dm_top.i_dm_csrs.sbaddr_q_7__reg/CK (DFFRQX3)
    11    0.05    0.09    0.29    0.29 v i_croc_soc.i_croc.i_dm_top.i_dm_top.i_dm_csrs.sbaddr_q_7__reg/Q (DFFRQX3)
                  0.09    0.00    0.29 v _35074_/A (NAND3X1)
     1    0.00    0.03    0.05    0.33 ^ _35074_/Y (NAND3X1)
                  0.03    0.00    0.33 ^ _35075_/C (OAI21X1)
     1    0.00    0.03    0.04    0.37 v _35075_/Y (OAI21X1)
                  0.03    0.00    0.37 v place6193/A (BUFX8)
     1    0.09    0.06    0.10    0.47 v place6193/Y (BUFX8)
                  0.10    0.02    0.49 v i_croc_soc.i_croc.gen_sram_bank[0].i_sram.gen_2048x32xBx1.i_cut/A_ADDR[4] (RM_IHPSG13_1P_1024x64_c2_bm_bist)
                                  0.49   data arrival time

                  0.20    0.00    0.00   clock clk_sys (rise edge)
                          0.00    0.00   clock network delay (ideal)
                          0.10    0.10   clock uncertainty
                          0.00    0.10   clock reconvergence pessimism
                                  0.10 ^ i_croc_soc.i_croc.gen_sram_bank[0].i_sram.gen_2048x32xBx1.i_cut/A_CLK (RM_IHPSG13_1P_1024x64_c2_bm_bist)
                          0.37    0.47   library hold time
                                  0.47   data required time
-----------------------------------------------------------------------------
                                  0.47   data required time
                                 -0.49   data arrival time
-----------------------------------------------------------------------------
                                  0.03   slack (MET)



==========================================================================
02-02_croc.gpl1 report_checks -path_delay max
--------------------------------------------------------------------------
[WARNING STA-0168] unknown field nets.
Startpoint: i_croc_soc.i_rstgen.i_rstgen_bypass.synch_regs_q_3__reg
            (rising edge-triggered flip-flop clocked by clk_sys)
Endpoint: i_croc_soc.i_croc.i_gpio.gen_gpios[23].i_sync/serial_o_reg
          (recovery check against rising-edge clock clk_sys)
Path Group: asynchronous
Path Type: max
Corner: tt

Fanout     Cap    Slew   Delay    Time   Description
-----------------------------------------------------------------------------
                  0.20    0.00    0.00   clock clk_sys (rise edge)
                          0.00    0.00   clock network delay (ideal)
                  0.20    0.00    0.00 ^ i_croc_soc.i_rstgen.i_rstgen_bypass.synch_regs_q_3__reg/CK (DFFRQX3)
     2    0.00    0.05    0.34    0.34 ^ i_croc_soc.i_rstgen.i_rstgen_bypass.synch_regs_q_3__reg/Q (DFFRQX3)
                  0.05    0.00    0.34 ^ i_croc_soc.i_rstgen.i_rstgen_bypass.i_tc_clk_mux2_rst_no.i_mux/A0 (MUX2X2)
     1    0.01    0.08    0.17    0.51 ^ i_croc_soc.i_rstgen.i_rstgen_bypass.i_tc_clk_mux2_rst_no.i_mux/Y (MUX2X2)
                  0.08    0.00    0.51 ^ place7278/A (BUFX32)
    15    0.19    0.06    0.12    0.63 ^ place7278/Y (BUFX32)
                  0.11    0.05    0.68 ^ place7311/A (BUFX3)
    11    0.07    0.24    0.26    0.94 ^ place7311/Y (BUFX3)
                  0.24    0.01    0.94 ^ place7327/A (BUFX3)
    12    0.07    0.26    0.32    1.26 ^ place7327/Y (BUFX3)
                  0.26    0.01    1.27 ^ place7346/A (BUFX3)
    15    0.07    0.24    0.31    1.58 ^ place7346/Y (BUFX3)
                  0.24    0.00    1.58 ^ place7347/A (BUFX3)
    15    0.06    0.22    0.29    1.88 ^ place7347/Y (BUFX3)
                  0.22    0.00    1.88 ^ place7348/A (BUFX3)
    16    0.06    0.22    0.28    2.16 ^ place7348/Y (BUFX3)
                  0.22    0.00    2.16 ^ place7351/A (BUFX3)
    10    0.05    0.17    0.25    2.41 ^ place7351/Y (BUFX3)
                  0.17    0.00    2.42 ^ place7352/A (BUFX3)
    15    0.06    0.21    0.26    2.68 ^ place7352/Y (BUFX3)
                  0.21    0.00    2.68 ^ i_croc_soc.i_croc.i_gpio.gen_gpios[23].i_sync/serial_o_reg/RB (DFFRQX3)
                                  2.68   data arrival time

                  0.20   10.00   10.00   clock clk_sys (rise edge)
                          0.00   10.00   clock network delay (ideal)
                         -0.10    9.90   clock uncertainty
                          0.00    9.90   clock reconvergence pessimism
                                  9.90 ^ i_croc_soc.i_croc.i_gpio.gen_gpios[23].i_sync/serial_o_reg/CK (DFFRQX3)
                         -0.14    9.76   library recovery time
                                  9.76   data required time
-----------------------------------------------------------------------------
                                  9.76   data required time
                                 -2.68   data arrival time
-----------------------------------------------------------------------------
                                  7.08   slack (MET)


Startpoint: i_croc_soc.i_croc.i_dmi_jtag.i_dmi_cdc.i_cdc_req/i_dst/async_ack_o_reg
            (rising edge-triggered flip-flop clocked by clk_sys)
Endpoint: i_croc_soc.i_croc.i_dm_top.i_dm_top.data_csrs_mem_39__reg
          (rising edge-triggered flip-flop clocked by clk_sys)
Path Group: path delay
Path Type: max
Corner: tt

Fanout     Cap    Slew   Delay    Time   Description
-----------------------------------------------------------------------------
                  0.20    0.00    0.00 ^ i_croc_soc.i_croc.i_dmi_jtag.i_dmi_cdc.i_cdc_req/i_dst/async_ack_o_reg/CK (DFFRQX3)
     6    0.03    0.12    0.42    0.42 ^ i_croc_soc.i_croc.i_dmi_jtag.i_dmi_cdc.i_cdc_req/i_dst/async_ack_o_reg/Q (DFFRQX3)
                  0.12    0.00    0.42 ^ i_croc_soc.i_croc.i_dmi_jtag.i_dmi_cdc.i_cdc_req/i_dst/_152_/A (XOR2X1)
     1    0.00    0.12    0.14    0.56 ^ i_croc_soc.i_croc.i_dmi_jtag.i_dmi_cdc.i_cdc_req/i_dst/_152_/Y (XOR2X1)
                  0.12    0.00    0.56 ^ i_croc_soc.i_croc.i_dmi_jtag.i_dmi_cdc.i_cdc_req/_1_/AB (NOR2BX1)
     5    0.01    0.26    0.26    0.82 ^ i_croc_soc.i_croc.i_dmi_jtag.i_dmi_cdc.i_cdc_req/_1_/Y (NOR2BX1)
                  0.26    0.00    0.82 ^ _31211_/A (NAND2X1)
     5    0.01    0.23    0.28    1.10 v _31211_/Y (NAND2X1)
                  0.23    0.00    1.10 v _31212_/B (NOR3BX1P5)
     1    0.00    0.10    0.15    1.25 ^ _31212_/Y (NOR3BX1P5)
                  0.10    0.00    1.25 ^ place6855/A (BUFX3)
     8    0.05    0.18    0.22    1.46 ^ place6855/Y (BUFX3)
                  0.18    0.00    1.47 ^ _43843_/A (NAND2X1)
     2    0.01    0.12    0.15    1.61 v _43843_/Y (NAND2X1)
                  0.12    0.00    1.61 v place6806/A (BUFX3)
     3    0.02    0.07    0.16    1.77 v place6806/Y (BUFX3)
                  0.07    0.00    1.77 v _43989_/A (NOR2X1)
     1    0.00    0.07    0.08    1.85 ^ _43989_/Y (NOR2X1)
                  0.07    0.00    1.85 ^ place6771/A (BUFX3)
     4    0.02    0.08    0.13    1.98 ^ place6771/Y (BUFX3)
                  0.08    0.00    1.98 ^ _44121_/A (AOI22X2)
    13    0.03    0.22    0.21    2.20 v _44121_/Y (AOI22X2)
                  0.22    0.00    2.20 v _44161_/D (AO211X2)
     1    0.00    0.05    0.28    2.48 v _44161_/Y (AO211X2)
                  0.05    0.00    2.48 v _44162_/B (AOI21X1)
     1    0.00    0.11    0.11    2.59 ^ _44162_/Y (AOI21X1)
                  0.11    0.00    2.59 ^ i_croc_soc.i_croc.i_dm_top.i_dm_top.data_csrs_mem_39__reg/D (DFFRQX3)
                                  2.59   data arrival time

                          3.00    3.00   max_delay
                         -0.10    2.90   library setup time
                                  2.90   data required time
-----------------------------------------------------------------------------
                                  2.90   data required time
                                 -2.59   data arrival time
-----------------------------------------------------------------------------
                                  0.32   slack (MET)


Startpoint: i_croc_soc.i_croc.i_dmi_jtag.i_dmi_jtag_tap.td_o_reg
            (rising edge-triggered flip-flop clocked by clk_jtg')
Endpoint: jtag_tdo_o (output port clocked by clk_jtg)
Path Group: clk_jtg
Path Type: max
Corner: tt

Fanout     Cap    Slew   Delay    Time   Description
-----------------------------------------------------------------------------
                  0.20   12.50   12.50   clock clk_jtg' (rise edge)
                          0.00   12.50   clock network delay (ideal)
                  0.20    0.00   12.50 ^ i_croc_soc.i_croc.i_dmi_jtag.i_dmi_jtag_tap.td_o_reg/CK (DFFRQX3)
     1    0.07    0.26    0.52   13.02 ^ i_croc_soc.i_croc.i_dmi_jtag.i_dmi_jtag_tap.td_o_reg/Q (DFFRQX3)
                  0.35    0.01   13.03 ^ pad_jtag_tdo_o/c2p (sg13cmos5l_IOPadOut16mA)
     2   15.00    3.55    3.26   16.29 ^ pad_jtag_tdo_o/pad (sg13cmos5l_IOPadOut16mA)
                  2.66    0.00   16.29 ^ jtag_tdo_o (out)
                                 16.29   data arrival time

                  0.20   25.00   25.00   clock clk_jtg (rise edge)
                          0.00   25.00   clock network delay (ideal)
                         -0.10   24.90   clock uncertainty
                          0.00   24.90   clock reconvergence pessimism
                         -5.00   19.90   output external delay
                                 19.90   data required time
-----------------------------------------------------------------------------
                                 19.90   data required time
                                -16.29   data arrival time
-----------------------------------------------------------------------------
                                  3.61   slack (MET)


Startpoint: i_croc_soc.i_croc.i_core_wrap.i_core.id_stage_i.controller_i.instr_i_23__reg
            (rising edge-triggered flip-flop clocked by clk_sys)
Endpoint: i_croc_soc.i_croc.i_uart.i_uart_baudgen.reg_read_i_54__reg
          (rising edge-triggered flip-flop clocked by clk_sys)
Path Group: clk_sys
Path Type: max
Corner: tt

Fanout     Cap    Slew   Delay    Time   Description
-----------------------------------------------------------------------------
                  0.20    0.00    0.00   clock clk_sys (rise edge)
                          0.00    0.00   clock network delay (ideal)
                  0.20    0.00    0.00 ^ i_croc_soc.i_croc.i_core_wrap.i_core.id_stage_i.controller_i.instr_i_23__reg/CK (DFFRQX3)
    13    0.07    0.24    0.51    0.51 ^ i_croc_soc.i_croc.i_core_wrap.i_core.id_stage_i.controller_i.instr_i_23__reg/Q (DFFRQX3)
                  0.24    0.00    0.51 ^ place8117/A (BUFX4)
    16    0.06    0.15    0.27    0.78 ^ place8117/Y (BUFX4)
                  0.15    0.00    0.78 ^ place8118/A (BUFX4)
    14    0.07    0.17    0.24    1.02 ^ place8118/Y (BUFX4)
                  0.17    0.00    1.03 ^ place8120/A (BUFX3)
    15    0.07    0.24    0.28    1.31 ^ place8120/Y (BUFX3)
                  0.24    0.00    1.31 ^ place8121/A (BUFX3)
    14    0.07    0.25    0.31    1.62 ^ place8121/Y (BUFX3)
                  0.25    0.00    1.62 ^ _32729_/S1 (MUXT4X3)
     1    0.00    0.06    0.24    1.86 v _32729_/Y (MUXT4X3)
                  0.06    0.00    1.86 v _32732_/A1 (MUXT4X3)
     1    0.00    0.06    0.26    2.12 v _32732_/Y (MUXT4X3)
                  0.06    0.00    2.12 v _32733_/A1 (MUXI2X1)
     2    0.03    0.60    0.47    2.59 ^ _32733_/Y (MUXI2X1)
                  0.60    0.00    2.59 ^ _32734_/B (NAND2X1)
     2    0.01    0.21    0.31    2.90 v _32734_/Y (NAND2X1)
                  0.21    0.00    2.90 v _32811_/A (NAND2X1)
     5    0.02    0.22    0.25    3.15 ^ _32811_/Y (NAND2X1)
                  0.22    0.00    3.15 ^ _32813_/B (MIN3X2)
     2    0.01    0.10    0.15    3.30 v _32813_/Y (MIN3X2)
                  0.10    0.00    3.30 v _32816_/A0 (MUXI2X2)
     4    0.01    0.16    0.17    3.48 ^ _32816_/Y (MUXI2X2)
                  0.16    0.00    3.48 ^ _32824_/A (AOI22X1P5)
     1    0.00    0.11    0.13    3.61 v _32824_/Y (AOI22X1P5)
                  0.11    0.00    3.61 v _32825_/D (AOI211X2)
     3    0.01    0.20    0.19    3.80 ^ _32825_/Y (AOI211X2)
                  0.20    0.00    3.80 ^ _33432_/D (OAI31X1)
     1    0.00    0.10    0.14    3.94 v _33432_/Y (OAI31X1)
                  0.10    0.00    3.94 v _33433_/C (AOI221X1)
     3    0.01    0.44    0.35    4.30 ^ _33433_/Y (AOI221X1)
                  0.44    0.00    4.30 ^ _33490_/C (XNOR3X2)
     2    0.01    0.08    0.29    4.59 v _33490_/Y (XNOR3X2)
                  0.08    0.00    4.59 v _34067_/A (AOI221X1)
     1    0.00    0.16    0.18    4.77 ^ _34067_/Y (AOI221X1)
                  0.16    0.00    4.77 ^ _34068_/D (OAI22X1)
     1    0.00    0.08    0.12    4.89 v _34068_/Y (OAI22X1)
                  0.08    0.00    4.89 v _34069_/E (AOI221X1)
     3    0.02    0.53    0.48    5.37 ^ _34069_/Y (AOI221X1)
                  0.53    0.00    5.37 ^ _34176_/B (NAND4BX1)
     1    0.00    0.22    0.31    5.67 v _34176_/Y (NAND4BX1)
                  0.22    0.00    5.67 v _34219_/B (AOI21BX2)
     4    0.02    0.25    0.27    5.94 ^ _34219_/Y (AOI21BX2)
                  0.25    0.00    5.94 ^ _34220_/B (XNOR2X2)
     1    0.00    0.09    0.16    6.10 ^ _34220_/Y (XNOR2X2)
                  0.09    0.00    6.10 ^ _34265_/A (AOAI211X2)
     3    0.01    0.15    0.19    6.29 v _34265_/Y (AOAI211X2)
                  0.15    0.00    6.29 v place6493/A (BUFX3)
     9    0.03    0.09    0.19    6.48 v place6493/Y (BUFX3)
                  0.09    0.00    6.48 v _34276_/A (NOR2X2)
     3    0.01    0.09    0.10    6.58 ^ _34276_/Y (NOR2X2)
                  0.09    0.00    6.58 ^ _34284_/B (AOI21BX1)
     8    0.02    0.37    0.32    6.90 v _34284_/Y (AOI21BX1)
                  0.37    0.00    6.90 v place6405/A (BUFX3)
    15    0.04    0.12    0.28    7.18 v place6405/Y (BUFX3)
                  0.12    0.00    7.18 v place6406/A (BUFX3)
    10    0.02    0.07    0.16    7.33 v place6406/Y (BUFX3)
                  0.07    0.00    7.34 v _34533_/D (OAOI211X1)
     2    0.01    0.24    0.24    7.57 ^ _34533_/Y (OAOI211X1)
                  0.24    0.00    7.57 ^ _34534_/C (AOI21X1)
     2    0.01    0.17    0.14    7.71 v _34534_/Y (AOI21X1)
                  0.17    0.00    7.71 v place6278/A (BUFX3)
     9    0.05    0.13    0.22    7.93 v place6278/Y (BUFX3)
                  0.13    0.00    7.94 v _35727_/A (NOR2X1)
     4    0.02    0.40    0.35    8.29 ^ _35727_/Y (NOR2X1)
                  0.40    0.00    8.29 ^ _35728_/B (NAND2X1)
     4    0.03    0.44    0.49    8.77 v _35728_/Y (NAND2X1)
                  0.44    0.00    8.77 v _48931_/B (OR2X2)
     2    0.01    0.06    0.26    9.03 v _48931_/Y (OR2X2)
                  0.06    0.00    9.03 v _48949_/C (NOR3X2)
     8    0.04    0.61    0.48    9.51 ^ _48949_/Y (NOR3X2)
                  0.61    0.00    9.51 ^ _48950_/S0 (MUX2X1)
     1    0.00    0.05    0.26    9.78 ^ _48950_/Y (MUX2X1)
                  0.05    0.00    9.78 ^ i_croc_soc.i_croc.i_uart.i_uart_baudgen.reg_read_i_54__reg/D (DFFRQX3)
                                  9.78   data arrival time

                  0.20   10.00   10.00   clock clk_sys (rise edge)
                          0.00   10.00   clock network delay (ideal)
                         -0.10    9.90   clock uncertainty
                          0.00    9.90   clock reconvergence pessimism
                                  9.90 ^ i_croc_soc.i_croc.i_uart.i_uart_baudgen.reg_read_i_54__reg/CK (DFFRQX3)
                         -0.09    9.81   library setup time
                                  9.81   data required time
-----------------------------------------------------------------------------
                                  9.81   data required time
                                 -9.78   data arrival time
-----------------------------------------------------------------------------
                                  0.04   slack (MET)



==========================================================================
02-02_croc.gpl1 report_checks -unconstrained
--------------------------------------------------------------------------
[WARNING STA-0168] unknown field nets.
Startpoint: i_croc_soc.i_rstgen.i_rstgen_bypass.synch_regs_q_3__reg
            (rising edge-triggered flip-flop clocked by clk_sys)
Endpoint: i_croc_soc.i_croc.i_gpio.gen_gpios[23].i_sync/serial_o_reg
          (recovery check against rising-edge clock clk_sys)
Path Group: asynchronous
Path Type: max
Corner: tt

Fanout     Cap    Slew   Delay    Time   Description
-----------------------------------------------------------------------------
                  0.20    0.00    0.00   clock clk_sys (rise edge)
                          0.00    0.00   clock network delay (ideal)
                  0.20    0.00    0.00 ^ i_croc_soc.i_rstgen.i_rstgen_bypass.synch_regs_q_3__reg/CK (DFFRQX3)
     2    0.00    0.05    0.34    0.34 ^ i_croc_soc.i_rstgen.i_rstgen_bypass.synch_regs_q_3__reg/Q (DFFRQX3)
                  0.05    0.00    0.34 ^ i_croc_soc.i_rstgen.i_rstgen_bypass.i_tc_clk_mux2_rst_no.i_mux/A0 (MUX2X2)
     1    0.01    0.08    0.17    0.51 ^ i_croc_soc.i_rstgen.i_rstgen_bypass.i_tc_clk_mux2_rst_no.i_mux/Y (MUX2X2)
                  0.08    0.00    0.51 ^ place7278/A (BUFX32)
    15    0.19    0.06    0.12    0.63 ^ place7278/Y (BUFX32)
                  0.11    0.05    0.68 ^ place7311/A (BUFX3)
    11    0.07    0.24    0.26    0.94 ^ place7311/Y (BUFX3)
                  0.24    0.01    0.94 ^ place7327/A (BUFX3)
    12    0.07    0.26    0.32    1.26 ^ place7327/Y (BUFX3)
                  0.26    0.01    1.27 ^ place7346/A (BUFX3)
    15    0.07    0.24    0.31    1.58 ^ place7346/Y (BUFX3)
                  0.24    0.00    1.58 ^ place7347/A (BUFX3)
    15    0.06    0.22    0.29    1.88 ^ place7347/Y (BUFX3)
                  0.22    0.00    1.88 ^ place7348/A (BUFX3)
    16    0.06    0.22    0.28    2.16 ^ place7348/Y (BUFX3)
                  0.22    0.00    2.16 ^ place7351/A (BUFX3)
    10    0.05    0.17    0.25    2.41 ^ place7351/Y (BUFX3)
                  0.17    0.00    2.42 ^ place7352/A (BUFX3)
    15    0.06    0.21    0.26    2.68 ^ place7352/Y (BUFX3)
                  0.21    0.00    2.68 ^ i_croc_soc.i_croc.i_gpio.gen_gpios[23].i_sync/serial_o_reg/RB (DFFRQX3)
                                  2.68   data arrival time

                  0.20   10.00   10.00   clock clk_sys (rise edge)
                          0.00   10.00   clock network delay (ideal)
                         -0.10    9.90   clock uncertainty
                          0.00    9.90   clock reconvergence pessimism
                                  9.90 ^ i_croc_soc.i_croc.i_gpio.gen_gpios[23].i_sync/serial_o_reg/CK (DFFRQX3)
                         -0.14    9.76   library recovery time
                                  9.76   data required time
-----------------------------------------------------------------------------
                                  9.76   data required time
                                 -2.68   data arrival time
-----------------------------------------------------------------------------
                                  7.08   slack (MET)


Startpoint: i_croc_soc.i_croc.i_dmi_jtag.i_dmi_cdc.i_cdc_req/i_dst/async_ack_o_reg
            (rising edge-triggered flip-flop clocked by clk_sys)
Endpoint: i_croc_soc.i_croc.i_dm_top.i_dm_top.data_csrs_mem_39__reg
          (rising edge-triggered flip-flop clocked by clk_sys)
Path Group: path delay
Path Type: max
Corner: tt

Fanout     Cap    Slew   Delay    Time   Description
-----------------------------------------------------------------------------
                  0.20    0.00    0.00 ^ i_croc_soc.i_croc.i_dmi_jtag.i_dmi_cdc.i_cdc_req/i_dst/async_ack_o_reg/CK (DFFRQX3)
     6    0.03    0.12    0.42    0.42 ^ i_croc_soc.i_croc.i_dmi_jtag.i_dmi_cdc.i_cdc_req/i_dst/async_ack_o_reg/Q (DFFRQX3)
                  0.12    0.00    0.42 ^ i_croc_soc.i_croc.i_dmi_jtag.i_dmi_cdc.i_cdc_req/i_dst/_152_/A (XOR2X1)
     1    0.00    0.12    0.14    0.56 ^ i_croc_soc.i_croc.i_dmi_jtag.i_dmi_cdc.i_cdc_req/i_dst/_152_/Y (XOR2X1)
                  0.12    0.00    0.56 ^ i_croc_soc.i_croc.i_dmi_jtag.i_dmi_cdc.i_cdc_req/_1_/AB (NOR2BX1)
     5    0.01    0.26    0.26    0.82 ^ i_croc_soc.i_croc.i_dmi_jtag.i_dmi_cdc.i_cdc_req/_1_/Y (NOR2BX1)
                  0.26    0.00    0.82 ^ _31211_/A (NAND2X1)
     5    0.01    0.23    0.28    1.10 v _31211_/Y (NAND2X1)
                  0.23    0.00    1.10 v _31212_/B (NOR3BX1P5)
     1    0.00    0.10    0.15    1.25 ^ _31212_/Y (NOR3BX1P5)
                  0.10    0.00    1.25 ^ place6855/A (BUFX3)
     8    0.05    0.18    0.22    1.46 ^ place6855/Y (BUFX3)
                  0.18    0.00    1.47 ^ _43843_/A (NAND2X1)
     2    0.01    0.12    0.15    1.61 v _43843_/Y (NAND2X1)
                  0.12    0.00    1.61 v place6806/A (BUFX3)
     3    0.02    0.07    0.16    1.77 v place6806/Y (BUFX3)
                  0.07    0.00    1.77 v _43989_/A (NOR2X1)
     1    0.00    0.07    0.08    1.85 ^ _43989_/Y (NOR2X1)
                  0.07    0.00    1.85 ^ place6771/A (BUFX3)
     4    0.02    0.08    0.13    1.98 ^ place6771/Y (BUFX3)
                  0.08    0.00    1.98 ^ _44121_/A (AOI22X2)
    13    0.03    0.22    0.21    2.20 v _44121_/Y (AOI22X2)
                  0.22    0.00    2.20 v _44161_/D (AO211X2)
     1    0.00    0.05    0.28    2.48 v _44161_/Y (AO211X2)
                  0.05    0.00    2.48 v _44162_/B (AOI21X1)
     1    0.00    0.11    0.11    2.59 ^ _44162_/Y (AOI21X1)
                  0.11    0.00    2.59 ^ i_croc_soc.i_croc.i_dm_top.i_dm_top.data_csrs_mem_39__reg/D (DFFRQX3)
                                  2.59   data arrival time

                          3.00    3.00   max_delay
                         -0.10    2.90   library setup time
                                  2.90   data required time
-----------------------------------------------------------------------------
                                  2.90   data required time
                                 -2.59   data arrival time
-----------------------------------------------------------------------------
                                  0.32   slack (MET)


Startpoint: i_croc_soc.i_croc.i_dmi_jtag.i_dmi_jtag_tap.td_o_reg
            (rising edge-triggered flip-flop clocked by clk_jtg')
Endpoint: jtag_tdo_o (output port clocked by clk_jtg)
Path Group: clk_jtg
Path Type: max
Corner: tt

Fanout     Cap    Slew   Delay    Time   Description
-----------------------------------------------------------------------------
                  0.20   12.50   12.50   clock clk_jtg' (rise edge)
                          0.00   12.50   clock network delay (ideal)
                  0.20    0.00   12.50 ^ i_croc_soc.i_croc.i_dmi_jtag.i_dmi_jtag_tap.td_o_reg/CK (DFFRQX3)
     1    0.07    0.26    0.52   13.02 ^ i_croc_soc.i_croc.i_dmi_jtag.i_dmi_jtag_tap.td_o_reg/Q (DFFRQX3)
                  0.35    0.01   13.03 ^ pad_jtag_tdo_o/c2p (sg13cmos5l_IOPadOut16mA)
     2   15.00    3.55    3.26   16.29 ^ pad_jtag_tdo_o/pad (sg13cmos5l_IOPadOut16mA)
                  2.66    0.00   16.29 ^ jtag_tdo_o (out)
                                 16.29   data arrival time

                  0.20   25.00   25.00   clock clk_jtg (rise edge)
                          0.00   25.00   clock network delay (ideal)
                         -0.10   24.90   clock uncertainty
                          0.00   24.90   clock reconvergence pessimism
                         -5.00   19.90   output external delay
                                 19.90   data required time
-----------------------------------------------------------------------------
                                 19.90   data required time
                                -16.29   data arrival time
-----------------------------------------------------------------------------
                                  3.61   slack (MET)


Startpoint: i_croc_soc.i_croc.i_core_wrap.i_core.id_stage_i.controller_i.instr_i_23__reg
            (rising edge-triggered flip-flop clocked by clk_sys)
Endpoint: i_croc_soc.i_croc.i_uart.i_uart_baudgen.reg_read_i_54__reg
          (rising edge-triggered flip-flop clocked by clk_sys)
Path Group: clk_sys
Path Type: max
Corner: tt

Fanout     Cap    Slew   Delay    Time   Description
-----------------------------------------------------------------------------
                  0.20    0.00    0.00   clock clk_sys (rise edge)
                          0.00    0.00   clock network delay (ideal)
                  0.20    0.00    0.00 ^ i_croc_soc.i_croc.i_core_wrap.i_core.id_stage_i.controller_i.instr_i_23__reg/CK (DFFRQX3)
    13    0.07    0.24    0.51    0.51 ^ i_croc_soc.i_croc.i_core_wrap.i_core.id_stage_i.controller_i.instr_i_23__reg/Q (DFFRQX3)
                  0.24    0.00    0.51 ^ place8117/A (BUFX4)
    16    0.06    0.15    0.27    0.78 ^ place8117/Y (BUFX4)
                  0.15    0.00    0.78 ^ place8118/A (BUFX4)
    14    0.07    0.17    0.24    1.02 ^ place8118/Y (BUFX4)
                  0.17    0.00    1.03 ^ place8120/A (BUFX3)
    15    0.07    0.24    0.28    1.31 ^ place8120/Y (BUFX3)
                  0.24    0.00    1.31 ^ place8121/A (BUFX3)
    14    0.07    0.25    0.31    1.62 ^ place8121/Y (BUFX3)
                  0.25    0.00    1.62 ^ _32729_/S1 (MUXT4X3)
     1    0.00    0.06    0.24    1.86 v _32729_/Y (MUXT4X3)
                  0.06    0.00    1.86 v _32732_/A1 (MUXT4X3)
     1    0.00    0.06    0.26    2.12 v _32732_/Y (MUXT4X3)
                  0.06    0.00    2.12 v _32733_/A1 (MUXI2X1)
     2    0.03    0.60    0.47    2.59 ^ _32733_/Y (MUXI2X1)
                  0.60    0.00    2.59 ^ _32734_/B (NAND2X1)
     2    0.01    0.21    0.31    2.90 v _32734_/Y (NAND2X1)
                  0.21    0.00    2.90 v _32811_/A (NAND2X1)
     5    0.02    0.22    0.25    3.15 ^ _32811_/Y (NAND2X1)
                  0.22    0.00    3.15 ^ _32813_/B (MIN3X2)
     2    0.01    0.10    0.15    3.30 v _32813_/Y (MIN3X2)
                  0.10    0.00    3.30 v _32816_/A0 (MUXI2X2)
     4    0.01    0.16    0.17    3.48 ^ _32816_/Y (MUXI2X2)
                  0.16    0.00    3.48 ^ _32824_/A (AOI22X1P5)
     1    0.00    0.11    0.13    3.61 v _32824_/Y (AOI22X1P5)
                  0.11    0.00    3.61 v _32825_/D (AOI211X2)
     3    0.01    0.20    0.19    3.80 ^ _32825_/Y (AOI211X2)
                  0.20    0.00    3.80 ^ _33432_/D (OAI31X1)
     1    0.00    0.10    0.14    3.94 v _33432_/Y (OAI31X1)
                  0.10    0.00    3.94 v _33433_/C (AOI221X1)
     3    0.01    0.44    0.35    4.30 ^ _33433_/Y (AOI221X1)
                  0.44    0.00    4.30 ^ _33490_/C (XNOR3X2)
     2    0.01    0.08    0.29    4.59 v _33490_/Y (XNOR3X2)
                  0.08    0.00    4.59 v _34067_/A (AOI221X1)
     1    0.00    0.16    0.18    4.77 ^ _34067_/Y (AOI221X1)
                  0.16    0.00    4.77 ^ _34068_/D (OAI22X1)
     1    0.00    0.08    0.12    4.89 v _34068_/Y (OAI22X1)
                  0.08    0.00    4.89 v _34069_/E (AOI221X1)
     3    0.02    0.53    0.48    5.37 ^ _34069_/Y (AOI221X1)
                  0.53    0.00    5.37 ^ _34176_/B (NAND4BX1)
     1    0.00    0.22    0.31    5.67 v _34176_/Y (NAND4BX1)
                  0.22    0.00    5.67 v _34219_/B (AOI21BX2)
     4    0.02    0.25    0.27    5.94 ^ _34219_/Y (AOI21BX2)
                  0.25    0.00    5.94 ^ _34220_/B (XNOR2X2)
     1    0.00    0.09    0.16    6.10 ^ _34220_/Y (XNOR2X2)
                  0.09    0.00    6.10 ^ _34265_/A (AOAI211X2)
     3    0.01    0.15    0.19    6.29 v _34265_/Y (AOAI211X2)
                  0.15    0.00    6.29 v place6493/A (BUFX3)
     9    0.03    0.09    0.19    6.48 v place6493/Y (BUFX3)
                  0.09    0.00    6.48 v _34276_/A (NOR2X2)
     3    0.01    0.09    0.10    6.58 ^ _34276_/Y (NOR2X2)
                  0.09    0.00    6.58 ^ _34284_/B (AOI21BX1)
     8    0.02    0.37    0.32    6.90 v _34284_/Y (AOI21BX1)
                  0.37    0.00    6.90 v place6405/A (BUFX3)
    15    0.04    0.12    0.28    7.18 v place6405/Y (BUFX3)
                  0.12    0.00    7.18 v place6406/A (BUFX3)
    10    0.02    0.07    0.16    7.33 v place6406/Y (BUFX3)
                  0.07    0.00    7.34 v _34533_/D (OAOI211X1)
     2    0.01    0.24    0.24    7.57 ^ _34533_/Y (OAOI211X1)
                  0.24    0.00    7.57 ^ _34534_/C (AOI21X1)
     2    0.01    0.17    0.14    7.71 v _34534_/Y (AOI21X1)
                  0.17    0.00    7.71 v place6278/A (BUFX3)
     9    0.05    0.13    0.22    7.93 v place6278/Y (BUFX3)
                  0.13    0.00    7.94 v _35727_/A (NOR2X1)
     4    0.02    0.40    0.35    8.29 ^ _35727_/Y (NOR2X1)
                  0.40    0.00    8.29 ^ _35728_/B (NAND2X1)
     4    0.03    0.44    0.49    8.77 v _35728_/Y (NAND2X1)
                  0.44    0.00    8.77 v _48931_/B (OR2X2)
     2    0.01    0.06    0.26    9.03 v _48931_/Y (OR2X2)
                  0.06    0.00    9.03 v _48949_/C (NOR3X2)
     8    0.04    0.61    0.48    9.51 ^ _48949_/Y (NOR3X2)
                  0.61    0.00    9.51 ^ _48950_/S0 (MUX2X1)
     1    0.00    0.05    0.26    9.78 ^ _48950_/Y (MUX2X1)
                  0.05    0.00    9.78 ^ i_croc_soc.i_croc.i_uart.i_uart_baudgen.reg_read_i_54__reg/D (DFFRQX3)
                                  9.78   data arrival time

                  0.20   10.00   10.00   clock clk_sys (rise edge)
                          0.00   10.00   clock network delay (ideal)
                         -0.10    9.90   clock uncertainty
                          0.00    9.90   clock reconvergence pessimism
                                  9.90 ^ i_croc_soc.i_croc.i_uart.i_uart_baudgen.reg_read_i_54__reg/CK (DFFRQX3)
                         -0.09    9.81   library setup time
                                  9.81   data required time
-----------------------------------------------------------------------------
                                  9.81   data required time
                                 -9.78   data arrival time
-----------------------------------------------------------------------------
                                  0.04   slack (MET)



==========================================================================
02-02_croc.gpl1 report_check_types -max_slew -max_cap -max_fanout -violators
--------------------------------------------------------------------------

==========================================================================
02-02_croc.gpl1 max_slew_check_slack
--------------------------------------------------------------------------
-2.4305672645568848

==========================================================================
02-02_croc.gpl1 max_slew_check_limit
--------------------------------------------------------------------------
1.2000000476837158

==========================================================================
02-02_croc.gpl1 max_slew_check_slack_limit
--------------------------------------------------------------------------
-2.0255

==========================================================================
02-02_croc.gpl1 max_fanout_check_slack
--------------------------------------------------------------------------
0.0

==========================================================================
02-02_croc.gpl1 max_fanout_check_limit
--------------------------------------------------------------------------
16.0

==========================================================================
02-02_croc.gpl1 max_fanout_check_slack_limit
--------------------------------------------------------------------------
0.0000

==========================================================================
02-02_croc.gpl1 max_capacitance_check_slack
--------------------------------------------------------------------------
-11.160959243774414

==========================================================================
02-02_croc.gpl1 max_capacitance_check_limit
--------------------------------------------------------------------------
4.21304988861084

==========================================================================
02-02_croc.gpl1 max_capacitance_check_slack_limit
--------------------------------------------------------------------------
-2.6491

==========================================================================
02-02_croc.gpl1 max_slew_violation_count
--------------------------------------------------------------------------
max slew violation count 71

==========================================================================
02-02_croc.gpl1 max_fanout_violation_count
--------------------------------------------------------------------------
max fanout violation count 0

==========================================================================
02-02_croc.gpl1 max_cap_violation_count
--------------------------------------------------------------------------
max cap violation count 90

==========================================================================
02-02_croc.gpl1 setup_violation_count
--------------------------------------------------------------------------
setup violation count 0

==========================================================================
02-02_croc.gpl1 hold_violation_count
--------------------------------------------------------------------------
hold violation count 0

==========================================================================
02-02_croc.gpl1 critical path delay
--------------------------------------------------------------------------
9.7772

==========================================================================
02-02_croc.gpl1 critical path slack
--------------------------------------------------------------------------
0.0373

==========================================================================
02-02_croc.gpl1 slack div critical path delay
--------------------------------------------------------------------------
0.381500

==========================================================================
02-02_croc.gpl1 report_power tt
--------------------------------------------------------------------------
Group                  Internal  Switching    Leakage      Total
                          Power      Power      Power      Power (Watts)
----------------------------------------------------------------
Sequential             8.90e-03   6.84e-05   1.64e-06   8.97e-03  62.5%
Combinational          1.32e-04   3.19e-04   2.31e-06   4.54e-04   3.2%
Clock                  6.73e-07   1.90e-07   1.79e-10   8.63e-07   0.0%
Macro                  8.72e-05   0.00e+00   1.58e-06   8.88e-05   0.6%
Pad                    2.81e-04   4.56e-03   1.08e-07   4.84e-03  33.7%
----------------------------------------------------------------
Total                  9.40e-03   4.95e-03   5.64e-06   1.44e-02 100.0%
                          65.5%      34.5%       0.0%

==========================================================================
02-02_croc.gpl1 report_design_area
--------------------------------------------------------------------------

==========================================================================
02-02_croc.gpl1 area by hierarchy
--------------------------------------------------------------------------

--------------------------------------------------------------------------------
Design Area Summary
--------------------------------------------------------------------------------
Die Area:              4629056.0 um2
Core Area:             2200258.368 um2
Total Area:            2661067.7856 um2
Total Active Area:     1018347.7856000001 um2

Core Utilization:      0.46283100221800866
Std Cell Utilization:  0.29327041966975875

--------------------------------------------------------------------------------
Hierarchical Area Report
--------------------------------------------------------------------------------
                                                                                Global Area (um^2)                                                              Global Instances                                                                Local Area (um^2)                                                               Local Instances
                                                                                ------------------------------------------------------------------------------- ------------------------------------------------------------------------------- ------------------------------------------------------------------------------- ----------------------------------------------------------------------------
Hierarchy Name                                                                  Total           StdCell         Macro           Cover           Pad             Total           StdCell         Macro           Cover           Pad             Total           StdCell         Macro           Cover           Pad             Total           StdCell         Macro           Cover           Pad             
-----------------------------------------------------------------------------------------------------------------------------------------------------------------------------------------------------------------------------------------------------------------------------------------------------------------------------------------------------------------------------------------------------------
<top>                                                                           2661067.786     490455.504      527892.282      313600.000      1329120.000     45987           45663           2               64              258             2646058.262     475445.981      527892.282      313600.000      1329120.000     44996           44672           2               64              258             
  i_croc_soc.i_croc.i_clint.i_sync                                              56.448          56.448          0.000           0.000           0.000           2               2               0               0               0               56.448          56.448          0.000           0.000           0.000           2               2               0               0               0               
  i_croc_soc.i_croc.i_dmi_jtag.i_dmi_cdc.i_cdc_req                              6756.826        6756.826        0.000           0.000           0.000           476             476             0               0               0               141.120         141.120         0.000           0.000           0.000           8               8               0               0               0               
    i_cdc_reset_ctrlr                                                           2324.246        2324.246        0.000           0.000           0.000           201             201             0               0               0               0.000           0.000           0.000           0.000           0.000           0               0               0               0               0               
      i_cdc_reset_ctrlr_half_a                                                  1160.006        1160.006        0.000           0.000           0.000           100             100             0               0               0               626.573         626.573         0.000           0.000           0.000           64              64              0               0               0               
        i_state_transition_cdc_dst                                              201.802         201.802         0.000           0.000           0.000           14              14              0               0               0               145.354         145.354         0.000           0.000           0.000           12              12              0               0               0               
          i_sync                                                                56.448          56.448          0.000           0.000           0.000           2               2               0               0               0               56.448          56.448          0.000           0.000           0.000           2               2               0               0               0               
        i_state_transition_cdc_src                                              331.632         331.632         0.000           0.000           0.000           22              22              0               0               0               275.184         275.184         0.000           0.000           0.000           20              20              0               0               0               
          i_sync                                                                56.448          56.448          0.000           0.000           0.000           2               2               0               0               0               56.448          56.448          0.000           0.000           0.000           2               2               0               0               0               
      i_cdc_reset_ctrlr_half_b                                                  1164.240        1164.240        0.000           0.000           0.000           101             101             0               0               0               630.806         630.806         0.000           0.000           0.000           65              65              0               0               0               
        i_state_transition_cdc_dst                                              201.802         201.802         0.000           0.000           0.000           14              14              0               0               0               145.354         145.354         0.000           0.000           0.000           12              12              0               0               0               
          i_sync                                                                56.448          56.448          0.000           0.000           0.000           2               2               0               0               0               56.448          56.448          0.000           0.000           0.000           2               2               0               0               0               
        i_state_transition_cdc_src                                              331.632         331.632         0.000           0.000           0.000           22              22              0               0               0               275.184         275.184         0.000           0.000           0.000           20              20              0               0               0               
          i_sync                                                                56.448          56.448          0.000           0.000           0.000           2               2               0               0               0               56.448          56.448          0.000           0.000           0.000           2               2               0               0               0               
    i_dst                                                                       2167.603        2167.603        0.000           0.000           0.000           135             135             0               0               0               2082.931        2082.931        0.000           0.000           0.000           132             132             0               0               0               
      i_sync                                                                    84.672          84.672          0.000           0.000           0.000           3               3               0               0               0               84.672          84.672          0.000           0.000           0.000           3               3               0               0               0               
    i_src                                                                       2123.856        2123.856        0.000           0.000           0.000           132             132             0               0               0               2039.184        2039.184        0.000           0.000           0.000           129             129             0               0               0               
      i_sync                                                                    84.672          84.672          0.000           0.000           0.000           3               3               0               0               0               84.672          84.672          0.000           0.000           0.000           3               3               0               0               0               
  i_croc_soc.i_croc.i_dmi_jtag.i_dmi_cdc.i_cdc_resp                             6090.739        6090.739        0.000           0.000           0.000           435             435             0               0               0               145.354         145.354         0.000           0.000           0.000           9               9               0               0               0               
    i_cdc_reset_ctrlr                                                           2324.246        2324.246        0.000           0.000           0.000           201             201             0               0               0               0.000           0.000           0.000           0.000           0.000           0               0               0               0               0               
      i_cdc_reset_ctrlr_half_a                                                  1164.240        1164.240        0.000           0.000           0.000           101             101             0               0               0               630.806         630.806         0.000           0.000           0.000           65              65              0               0               0               
        i_state_transition_cdc_dst                                              201.802         201.802         0.000           0.000           0.000           14              14              0               0               0               145.354         145.354         0.000           0.000           0.000           12              12              0               0               0               
          i_sync                                                                56.448          56.448          0.000           0.000           0.000           2               2               0               0               0               56.448          56.448          0.000           0.000           0.000           2               2               0               0               0               
        i_state_transition_cdc_src                                              331.632         331.632         0.000           0.000           0.000           22              22              0               0               0               275.184         275.184         0.000           0.000           0.000           20              20              0               0               0               
          i_sync                                                                56.448          56.448          0.000           0.000           0.000           2               2               0               0               0               56.448          56.448          0.000           0.000           0.000           2               2               0               0               0               
      i_cdc_reset_ctrlr_half_b                                                  1160.006        1160.006        0.000           0.000           0.000           100             100             0               0               0               626.573         626.573         0.000           0.000           0.000           64              64              0               0               0               
        i_state_transition_cdc_dst                                              201.802         201.802         0.000           0.000           0.000           14              14              0               0               0               145.354         145.354         0.000           0.000           0.000           12              12              0               0               0               
          i_sync                                                                56.448          56.448          0.000           0.000           0.000           2               2               0               0               0               56.448          56.448          0.000           0.000           0.000           2               2               0               0               0               
        i_state_transition_cdc_src                                              331.632         331.632         0.000           0.000           0.000           22              22              0               0               0               275.184         275.184         0.000           0.000           0.000           20              20              0               0               0               
          i_sync                                                                56.448          56.448          0.000           0.000           0.000           2               2               0               0               0               56.448          56.448          0.000           0.000           0.000           2               2               0               0               0               
    i_dst                                                                       1833.149        1833.149        0.000           0.000           0.000           114             114             0               0               0               1748.477        1748.477        0.000           0.000           0.000           111             111             0               0               0               
      i_sync                                                                    84.672          84.672          0.000           0.000           0.000           3               3               0               0               0               84.672          84.672          0.000           0.000           0.000           3               3               0               0               0               
    i_src                                                                       1787.990        1787.990        0.000           0.000           0.000           111             111             0               0               0               1703.318        1703.318        0.000           0.000           0.000           108             108             0               0               0               
      i_sync                                                                    84.672          84.672          0.000           0.000           0.000           3               3               0               0               0               84.672          84.672          0.000           0.000           0.000           3               3               0               0               0               
  i_croc_soc.i_croc.i_gpio.gen_gpios\[0\].i_sync                                56.448          56.448          0.000           0.000           0.000           2               2               0               0               0               56.448          56.448          0.000           0.000           0.000           2               2               0               0               0               
  i_croc_soc.i_croc.i_gpio.gen_gpios\[10\].i_sync                               56.448          56.448          0.000           0.000           0.000           2               2               0               0               0               56.448          56.448          0.000           0.000           0.000           2               2               0               0               0               
  i_croc_soc.i_croc.i_gpio.gen_gpios\[11\].i_sync                               56.448          56.448          0.000           0.000           0.000           2               2               0               0               0               56.448          56.448          0.000           0.000           0.000           2               2               0               0               0               
  i_croc_soc.i_croc.i_gpio.gen_gpios\[12\].i_sync                               56.448          56.448          0.000           0.000           0.000           2               2               0               0               0               56.448          56.448          0.000           0.000           0.000           2               2               0               0               0               
  i_croc_soc.i_croc.i_gpio.gen_gpios\[13\].i_sync                               56.448          56.448          0.000           0.000           0.000           2               2               0               0               0               56.448          56.448          0.000           0.000           0.000           2               2               0               0               0               
  i_croc_soc.i_croc.i_gpio.gen_gpios\[14\].i_sync                               56.448          56.448          0.000           0.000           0.000           2               2               0               0               0               56.448          56.448          0.000           0.000           0.000           2               2               0               0               0               
  i_croc_soc.i_croc.i_gpio.gen_gpios\[15\].i_sync                               56.448          56.448          0.000           0.000           0.000           2               2               0               0               0               56.448          56.448          0.000           0.000           0.000           2               2               0               0               0               
  i_croc_soc.i_croc.i_gpio.gen_gpios\[16\].i_sync                               56.448          56.448          0.000           0.000           0.000           2               2               0               0               0               56.448          56.448          0.000           0.000           0.000           2               2               0               0               0               
  i_croc_soc.i_croc.i_gpio.gen_gpios\[17\].i_sync                               56.448          56.448          0.000           0.000           0.000           2               2               0               0               0               56.448          56.448          0.000           0.000           0.000           2               2               0               0               0               
  i_croc_soc.i_croc.i_gpio.gen_gpios\[18\].i_sync                               56.448          56.448          0.000           0.000           0.000           2               2               0               0               0               56.448          56.448          0.000           0.000           0.000           2               2               0               0               0               
  i_croc_soc.i_croc.i_gpio.gen_gpios\[19\].i_sync                               56.448          56.448          0.000           0.000           0.000           2               2               0               0               0               56.448          56.448          0.000           0.000           0.000           2               2               0               0               0               
  i_croc_soc.i_croc.i_gpio.gen_gpios\[1\].i_sync                                56.448          56.448          0.000           0.000           0.000           2               2               0               0               0               56.448          56.448          0.000           0.000           0.000           2               2               0               0               0               
  i_croc_soc.i_croc.i_gpio.gen_gpios\[20\].i_sync                               56.448          56.448          0.000           0.000           0.000           2               2               0               0               0               56.448          56.448          0.000           0.000           0.000           2               2               0               0               0               
  i_croc_soc.i_croc.i_gpio.gen_gpios\[21\].i_sync                               56.448          56.448          0.000           0.000           0.000           2               2               0               0               0               56.448          56.448          0.000           0.000           0.000           2               2               0               0               0               
  i_croc_soc.i_croc.i_gpio.gen_gpios\[22\].i_sync                               56.448          56.448          0.000           0.000           0.000           2               2               0               0               0               56.448          56.448          0.000           0.000           0.000           2               2               0               0               0               
  i_croc_soc.i_croc.i_gpio.gen_gpios\[23\].i_sync                               56.448          56.448          0.000           0.000           0.000           2               2               0               0               0               56.448          56.448          0.000           0.000           0.000           2               2               0               0               0               
  i_croc_soc.i_croc.i_gpio.gen_gpios\[24\].i_sync                               56.448          56.448          0.000           0.000           0.000           2               2               0               0               0               56.448          56.448          0.000           0.000           0.000           2               2               0               0               0               
  i_croc_soc.i_croc.i_gpio.gen_gpios\[25\].i_sync                               56.448          56.448          0.000           0.000           0.000           2               2               0               0               0               56.448          56.448          0.000           0.000           0.000           2               2               0               0               0               
  i_croc_soc.i_croc.i_gpio.gen_gpios\[26\].i_sync                               56.448          56.448          0.000           0.000           0.000           2               2               0               0               0               56.448          56.448          0.000           0.000           0.000           2               2               0               0               0               
  i_croc_soc.i_croc.i_gpio.gen_gpios\[27\].i_sync                               56.448          56.448          0.000           0.000           0.000           2               2               0               0               0               56.448          56.448          0.000           0.000           0.000           2               2               0               0               0               
  i_croc_soc.i_croc.i_gpio.gen_gpios\[28\].i_sync                               56.448          56.448          0.000           0.000           0.000           2               2               0               0               0               56.448          56.448          0.000           0.000           0.000           2               2               0               0               0               
  i_croc_soc.i_croc.i_gpio.gen_gpios\[29\].i_sync                               56.448          56.448          0.000           0.000           0.000           2               2               0               0               0               56.448          56.448          0.000           0.000           0.000           2               2               0               0               0               
  i_croc_soc.i_croc.i_gpio.gen_gpios\[2\].i_sync                                56.448          56.448          0.000           0.000           0.000           2               2               0               0               0               56.448          56.448          0.000           0.000           0.000           2               2               0               0               0               
  i_croc_soc.i_croc.i_gpio.gen_gpios\[30\].i_sync                               56.448          56.448          0.000           0.000           0.000           2               2               0               0               0               56.448          56.448          0.000           0.000           0.000           2               2               0               0               0               
  i_croc_soc.i_croc.i_gpio.gen_gpios\[31\].i_sync                               56.448          56.448          0.000           0.000           0.000           2               2               0               0               0               56.448          56.448          0.000           0.000           0.000           2               2               0               0               0               
  i_croc_soc.i_croc.i_gpio.gen_gpios\[3\].i_sync                                56.448          56.448          0.000           0.000           0.000           2               2               0               0               0               56.448          56.448          0.000           0.000           0.000           2               2               0               0               0               
  i_croc_soc.i_croc.i_gpio.gen_gpios\[4\].i_sync                                56.448          56.448          0.000           0.000           0.000           2               2               0               0               0               56.448          56.448          0.000           0.000           0.000           2               2               0               0               0               
  i_croc_soc.i_croc.i_gpio.gen_gpios\[5\].i_sync                                56.448          56.448          0.000           0.000           0.000           2               2               0               0               0               56.448          56.448          0.000           0.000           0.000           2               2               0               0               0               
  i_croc_soc.i_croc.i_gpio.gen_gpios\[6\].i_sync                                56.448          56.448          0.000           0.000           0.000           2               2               0               0               0               56.448          56.448          0.000           0.000           0.000           2               2               0               0               0               
  i_croc_soc.i_croc.i_gpio.gen_gpios\[7\].i_sync                                56.448          56.448          0.000           0.000           0.000           2               2               0               0               0               56.448          56.448          0.000           0.000           0.000           2               2               0               0               0               
  i_croc_soc.i_croc.i_gpio.gen_gpios\[8\].i_sync                                56.448          56.448          0.000           0.000           0.000           2               2               0               0               0               56.448          56.448          0.000           0.000           0.000           2               2               0               0               0               
  i_croc_soc.i_croc.i_gpio.gen_gpios\[9\].i_sync                                56.448          56.448          0.000           0.000           0.000           2               2               0               0               0               56.448          56.448          0.000           0.000           0.000           2               2               0               0               0               
  i_croc_soc.i_croc.i_uart.i_uart_modem.i_sync_cd                               60.682          60.682          0.000           0.000           0.000           3               3               0               0               0               60.682          60.682          0.000           0.000           0.000           3               3               0               0               0               
  i_croc_soc.i_croc.i_uart.i_uart_modem.i_sync_cts                              60.682          60.682          0.000           0.000           0.000           3               3               0               0               0               60.682          60.682          0.000           0.000           0.000           3               3               0               0               0               
  i_croc_soc.i_croc.i_uart.i_uart_modem.i_sync_dsr                              60.682          60.682          0.000           0.000           0.000           3               3               0               0               0               60.682          60.682          0.000           0.000           0.000           3               3               0               0               0               
  i_croc_soc.i_croc.i_uart.i_uart_modem.i_sync_ri                               60.682          60.682          0.000           0.000           0.000           3               3               0               0               0               60.682          60.682          0.000           0.000           0.000           3               3               0               0               0               
  i_croc_soc.i_croc.i_uart.i_uart_rx.i_sync                                     56.448          56.448          0.000           0.000           0.000           2               2               0               0               0               56.448          56.448          0.000           0.000           0.000           2               2               0               0               0               
